[32mApple [39m[32mAPPLE [39m

 Apple                                                                                 

