0:Apples      [32;49m1000 [39;49m
1:Oranges     [32;49m2000 [39;49m
2:Grapefruits [31;49m3000 [39;49m