-1:[32mName       [39m
0:Apple      
1:Orange     
2:Grapefruit