0:Apple      APPLE      
1:Orange     ORANGE     
2:Grapefruit GRAPEFRUIT 