[32mName    [39m[32mCount [39m
Apples  12    
Oranges 24    

 Fresh fruits