0:Apple      APPLE      [31;49mApple      [39;49m
1:Orange     ORANGE     [31;49mOrange     [39;49m
2:Grapefruit GRAPEFRUIT [31;49mGrapefruit [39;49m